
[1m[46m RUN [49m[22m [36mv4.0.17 [39m[90m/workspaces/no-name-running-club[39m

 [32m✓[39m src/components/StravaWidget.test.tsx [2m([22m[2m8 tests[22m[2m)[22m[33m 309[2mms[22m[39m
[90mstderr[2m | src/components/StravaActivityWidget.test.tsx[2m > [22m[2mStravaActivityWidget[2m > [22m[2mrendering[2m > [22m[2mshould render the Club Activity heading
[22m[39mReact does not recognize the `allowTransparency` prop on a DOM element. If you intentionally want it to appear in the DOM as a custom attribute, spell it as lowercase `allowtransparency` instead. If you accidentally passed it from a parent component, remove it from the DOM element.

 [32m✓[39m src/components/StravaActivityWidget.test.tsx [2m([22m[2m21 tests[22m[2m)[22m[32m 144[2mms[22m[39m
[90mstdout[2m | src/lib/share.test.ts[2m > [22m[2mShare Utilities[2m > [22m[2mtriggerNativeShare[2m > [22m[2mshould return false when share is cancelled by user
[22m[39mShare cancelled or failed: DOMException {}

[90mstdout[2m | src/lib/share.test.ts[2m > [22m[2mShare Utilities[2m > [22m[2mtriggerNativeShare[2m > [22m[2mshould return false when share fails
[22m[39mShare cancelled or failed: Error: Share failed
    at [90m/workspaces/no-name-running-club/[39msrc/lib/share.test.ts:155:51
    at [90mfile:///workspaces/no-name-running-club/[39mnode_modules/[4m@vitest/runner[24m/dist/index.js:145:11
    at [90mfile:///workspaces/no-name-running-club/[39mnode_modules/[4m@vitest/runner[24m/dist/index.js:915:26
    at [90mfile:///workspaces/no-name-running-club/[39mnode_modules/[4m@vitest/runner[24m/dist/index.js:1243:20
    at new Promise (<anonymous>)
    at runWithTimeout [90m(file:///workspaces/no-name-running-club/[39mnode_modules/[4m@vitest/runner[24m/dist/index.js:1209:10[90m)[39m
    at [90mfile:///workspaces/no-name-running-club/[39mnode_modules/[4m@vitest/runner[24m/dist/index.js:1653:37
    at Traces.$ [90m(file:///workspaces/no-name-running-club/[39mnode_modules/[4mvitest[24m/dist/chunks/traces.CCmnQaNT.js:142:27[90m)[39m
    at trace [90m(file:///workspaces/no-name-running-club/[39mnode_modules/[4mvitest[24m/dist/chunks/test.B8ej_ZHS.js:239:21[90m)[39m
    at runTest [90m(file:///workspaces/no-name-running-club/[39mnode_modules/[4m@vitest/runner[24m/dist/index.js:1653:12[90m)[39m

[90mstderr[2m | src/lib/share.test.ts[2m > [22m[2mShare Utilities[2m > [22m[2mcopyToClipboard[2m > [22m[2mshould return false when clipboard write fails
[22m[39mFailed to copy to clipboard: Error: Permission denied
    at [90m/workspaces/no-name-running-club/[39msrc/lib/share.test.ts:266:55
    at [90mfile:///workspaces/no-name-running-club/[39mnode_modules/[4m@vitest/runner[24m/dist/index.js:145:11
    at [90mfile:///workspaces/no-name-running-club/[39mnode_modules/[4m@vitest/runner[24m/dist/index.js:915:26
    at [90mfile:///workspaces/no-name-running-club/[39mnode_modules/[4m@vitest/runner[24m/dist/index.js:1243:20
    at new Promise (<anonymous>)
    at runWithTimeout [90m(file:///workspaces/no-name-running-club/[39mnode_modules/[4m@vitest/runner[24m/dist/index.js:1209:10[90m)[39m
    at [90mfile:///workspaces/no-name-running-club/[39mnode_modules/[4m@vitest/runner[24m/dist/index.js:1653:37
    at Traces.$ [90m(file:///workspaces/no-name-running-club/[39mnode_modules/[4mvitest[24m/dist/chunks/traces.CCmnQaNT.js:142:27[90m)[39m
    at trace [90m(file:///workspaces/no-name-running-club/[39mnode_modules/[4mvitest[24m/dist/chunks/test.B8ej_ZHS.js:239:21[90m)[39m
    at runTest [90m(file:///workspaces/no-name-running-club/[39mnode_modules/[4m@vitest/runner[24m/dist/index.js:1653:12[90m)[39m

 [32m✓[39m src/lib/share.test.ts [2m([22m[2m26 tests[22m[2m)[22m[32m 28[2mms[22m[39m
 [32m✓[39m src/services/UserService.test.ts [2m([22m[2m10 tests[22m[2m)[22m[32m 18[2mms[22m[39m
 [32m✓[39m src/services/AnalyticsService.test.ts [2m([22m[2m15 tests[22m[2m)[22m[32m 28[2mms[22m[39m
[90mstderr[2m | src/services/WeatherService.test.ts[2m > [22m[2mWeatherService[2m > [22m[2mgetWeatherByZipCode[2m > [22m[2mshould return null when API key is not configured
[22m[39mOPENWEATHER_API_KEY not configured

[90mstderr[2m | src/services/WeatherService.test.ts[2m > [22m[2mWeatherService[2m > [22m[2mgetWeatherByZipCode[2m > [22m[2mshould return null when API returns error status
[22m[39mWeather API error: [33m404[39m Not Found City not found

[90mstderr[2m | src/services/WeatherService.test.ts[2m > [22m[2mWeatherService[2m > [22m[2mgetWeatherByZipCode[2m > [22m[2mshould return null when fetch throws an error
[22m[39mFailed to fetch weather: Error: Network error
    at [90m/workspaces/no-name-running-club/[39msrc/services/WeatherService.test.ts:76:39
    at [90mfile:///workspaces/no-name-running-club/[39mnode_modules/[4m@vitest/runner[24m/dist/index.js:145:11
    at [90mfile:///workspaces/no-name-running-club/[39mnode_modules/[4m@vitest/runner[24m/dist/index.js:915:26
    at [90mfile:///workspaces/no-name-running-club/[39mnode_modules/[4m@vitest/runner[24m/dist/index.js:1243:20
    at new Promise (<anonymous>)
    at runWithTimeout [90m(file:///workspaces/no-name-running-club/[39mnode_modules/[4m@vitest/runner[24m/dist/index.js:1209:10[90m)[39m
    at [90mfile:///workspaces/no-name-running-club/[39mnode_modules/[4m@vitest/runner[24m/dist/index.js:1653:37
    at Traces.$ [90m(file:///workspaces/no-name-running-club/[39mnode_modules/[4mvitest[24m/dist/chunks/traces.CCmnQaNT.js:142:27[90m)[39m
    at trace [90m(file:///workspaces/no-name-running-club/[39mnode_modules/[4mvitest[24m/dist/chunks/test.B8ej_ZHS.js:239:21[90m)[39m
    at runTest [90m(file:///workspaces/no-name-running-club/[39mnode_modules/[4m@vitest/runner[24m/dist/index.js:1653:12[90m)[39m

 [32m✓[39m src/services/WeatherService.test.ts [2m([22m[2m7 tests[22m[2m)[22m[32m 37[2mms[22m[39m
 [32m✓[39m src/services/ChallengeService.test.ts [2m([22m[2m16 tests[22m[2m)[22m[32m 70[2mms[22m[39m
 [32m✓[39m src/app/actions/admin.test.ts [2m([22m[2m8 tests[22m[2m)[22m[32m 20[2mms[22m[39m

[2m Test Files [22m [1m[32m8 passed[39m[22m[90m (8)[39m
[2m      Tests [22m [1m[32m111 passed[39m[22m[90m (111)[39m
[2m   Start at [22m 22:27:44
[2m   Duration [22m 11.84s[2m (transform 513ms, setup 775ms, import 908ms, tests 653ms, environment 7.31s)[22m

